Bringing up config
configmap/logflights-env created
Bringing up app
service/app created
deployment.apps/app created
