Builds images for the given component using containers defined in config.
This command can also be used to build a specific container for a specific component instead of building and tagging them all at once.
An optional tag can be provided as a flag, or 'latest' will be used.

For example:

	stack build app -t v0.1.0-alpha		# builds the images for all the containers defined by the app component in the project's config' with the tag v0.1.0-alpha 

	stack build app app-image			# build the image 'app:latest' for the container 'app' defined by the component 'app'

Usage:
  stack build <component> [container] [flags]
  stack build [command]

Available Commands:
  all         Builds all containers for all components of the stack.

Flags:
      --gitHash           Build image with build arg GIT_COMMIT set to git hash
  -h, --help              help for build
  -i, --imageTag string   Set the tag only of the 'name:tag' format and use the stack configured image name as the name.
      --noCache           Build images without cache
  -t, --tag string        Name and optionally a tag in the 'name:tag' format (same as docker flag). Defaults to image:latest based on stack config.

Global Flags:
      --stack_config_file string   Set the name of the configuration file to be used (default ".stack-local")
  -r, --stack_directory string     Set the project directory for stack CLI (default ".")

Use "stack build [command] --help" for more information about a command.
