sh -c kubectl exec -it tls-app-579f7cd745-t6fdg --container tls-app bin/sh