Switched to context "minikube".
Switched to environment "local".
