Bringing up app
service/app created
deployment.apps/app created
