you are about to delete all secrets for the stack - are you sure you want to proceed?