All pods are healthy
✔️  tls-app-579f7cd745-t6fdg in namespace `testns` is healthy
