&PodList{ListMeta:{   <nil>},Items:[]Pod{Pod{ObjectMeta:{tls-app-579f7cd745-t6fdg  testns    0 0001-01-01 00:00:00 +0000 UTC <nil> <nil> map[tag:testtag] map[] [] []  []},Spec:PodSpec{Volumes:[]Volume{},Containers:[]Container{},RestartPolicy:,TerminationGracePeriodSeconds:nil,ActiveDeadlineSeconds:nil,DNSPolicy:,NodeSelector:map[string]string{},ServiceAccountName:,DeprecatedServiceAccount:,NodeName:,HostNetwork:false,HostPID:false,HostIPC:false,SecurityContext:nil,ImagePullSecrets:[]LocalObjectReference{},Hostname:,Subdomain:,Affinity:nil,SchedulerName:,InitContainers:[]Container{},AutomountServiceAccountToken:nil,Tolerations:[]Toleration{},HostAliases:[]HostAlias{},PriorityClassName:,Priority:nil,DNSConfig:nil,ShareProcessNamespace:nil,ReadinessGates:[]PodReadinessGate{},RuntimeClassName:nil,EnableServiceLinks:nil,PreemptionPolicy:nil,Overhead:ResourceList{},TopologySpreadConstraints:[]TopologySpreadConstraint{},EphemeralContainers:[]EphemeralContainer{},},Status:PodStatus{Phase:Running,Conditions:[]PodCondition{},Message:,Reason:,HostIP:,PodIP:172.1.0.3,StartTime:<nil>,ContainerStatuses:[]ContainerStatus{},QOSClass:,InitContainerStatuses:[]ContainerStatus{},NominatedNodeName:,PodIPs:[]PodIP{},EphemeralContainerStatuses:[]ContainerStatus{},},},},}