Utility command for distributing credentials with Kubernetes secrets.

Makes securely distributed credentials available to the stack.

Available SecretTypes:
- registry: specify the registry type for creating the 'acr-service-principal' for manifest imagePullSecrets
"SERVICE_PRINCIPLE_ID" and "SERVICE_PRINCIPLE_PASSWORD" variables to be set in the host environment.

Usage:
  stack secrets [secretType] [flags]
  stack secrets [command]

Available Commands:
  delete      Delete the named stock secret.

Flags:
  -h, --help              help for secrets
  -c, --registry string   Name of registry referenced by secret (default "airbusutm")

Global Flags:
      --stack_config_file string   Set the name of the configuration file to be used (default ".stack-local")
  -r, --stack_directory string     Set the project directory for stack CLI (default ".")

Use "stack secrets [command] --help" for more information about a command.
