Tearing down components at config...
configmap "stack-env" deleted

Tearing down components at app...
service "app" deleted
deployment.apps "app" deleted

