Error: component not found
Usage:
  stack expose <component> <local port> <remote port> [flags]

Flags:
  -h, --help   help for expose

Global Flags:
  -r, --stack_directory string     set the project directory of the stack (default ".")
      --stack_configuration string   set the name of the configuration file to be used (default ".stack-local")

