NAME                                              READY   NAMESPACE               STATUS  
tls-app-579f7cd745-t6fdg                          0/0     default                 Running 
