Tearing down components at config...
configmap "logflights-env" deleted

Tearing down components at app...
`app` component failed teardown. You may need to delete it manually.
